// Jest Snapshot v1, https://goo.gl/fbAQLP

exports[`<Line /> handles data input format error 1`] = `
<text>
  Input Data Format Error
</text>
`;

exports[`<Line /> renders area 1`] = `
<path
  class="line-sc-bdVaJa gxPDDw"
  d="M0,0L288,36L960,360"
/>
`;
