// Jest Snapshot v1, https://goo.gl/fbAQLP

exports[`<_XAxis /> renders ticks as child elements correctly 1`] = `
<g
  class="sc-bdVaJa cNoDXm"
  transform="translate(0,360)"
>
  <text
    class="label"
    transform="translate(450, 40)"
  />
</g>
`;
