// Jest Snapshot v1, https://goo.gl/fbAQLP

exports[`<YAxis /> renders child tick elements 1`] = `
Array [
  <g
    class="tick"
    opacity="1"
    transform="translate(0,360.5)"
>
    <line
        stroke="#000"
        x2="0"
    />
    <text
        dy="0.32em"
        fill="#000"
        x="-5"
    >
        0
    </text>
</g>,
  <g
    class="tick"
    opacity="1"
    transform="translate(0,288.5)"
>
    <line
        stroke="#000"
        x2="0"
    />
    <text
        dy="0.32em"
        fill="#000"
        x="-5"
    >
        20
    </text>
</g>,
  <g
    class="tick"
    opacity="1"
    transform="translate(0,216.5)"
>
    <line
        stroke="#000"
        x2="0"
    />
    <text
        dy="0.32em"
        fill="#000"
        x="-5"
    >
        40
    </text>
</g>,
  <g
    class="tick"
    opacity="1"
    transform="translate(0,144.5)"
>
    <line
        stroke="#000"
        x2="0"
    />
    <text
        dy="0.32em"
        fill="#000"
        x="-5"
    >
        60
    </text>
</g>,
  <g
    class="tick"
    opacity="1"
    transform="translate(0,72.5)"
>
    <line
        stroke="#000"
        x2="0"
    />
    <text
        dy="0.32em"
        fill="#000"
        x="-5"
    >
        80
    </text>
</g>,
  <g
    class="tick"
    opacity="1"
    transform="translate(0,0.5)"
>
    <line
        stroke="#000"
        x2="0"
    />
    <text
        dy="0.32em"
        fill="#000"
        x="-5"
    >
        100
    </text>
</g>,
]
`;
